// Jest Snapshot v1, https://goo.gl/fbAQLP

exports[`snapshot matches 1`] = `
<div
  class="css-13z7859-cssSpinner"
>
  <div
    class="css-1s3rwo4-Spinner"
  />
</div>
`;
