// Jest Snapshot v1, https://goo.gl/fbAQLP

exports[`Button component matches snapshot 1`] = `
<button
  class="css-sabna4-Button"
>
  <span>
    Click
  </span>
</button>
`;
