// Jest Snapshot v1, https://goo.gl/fbAQLP

exports[`Button component matches snapshot 1`] = `
<ButtonE
  color="#434343"
  type="button"
>
  <span
    key=".0"
  >
    Hi
  </span>
</ButtonE>
`;
