// Jest Snapshot v1, https://goo.gl/fbAQLP

exports[`snapshot matches with className 1`] = `
<i
  class="fas fa-arrow-up css-13h5fv5-Icon"
/>
`;

exports[`snapshot matches with type and name 1`] = `
<i
  class="fas fa-arrow-up css-13h5fv5-Icon"
/>
`;
